| Testcase.cs:13:41:13:44 | access to parameter text | Unsafe deserializer is used. Make sure $@ comes from the trusted source. | Testcase.cs:13:41:13:44 | access to parameter text | value being deserialized |
