| Test.cs:19:29:19:84 | ... + ... | $@ flows to here and is inserted as XML. | Test.cs:12:31:12:53 | access to property QueryString | User-provided value |
