| Test.cs:14:40:14:50 | access to local variable libraryName | $@ flows to here and is used as the path to load a DLL. | Test.cs:11:30:11:52 | access to property QueryString | User-provided value |
